Random seed: 2024
The base Model type: AGAT
Add node features: all
Map cutoff: 14
Use edge features or not while using GAT model: True
The parameter of normalizing the distance: 15
Feature dim: 61
Hidden dim: 256
Layer: 8
Dropout: 0.1
Alpha: 0.7
Lambda: 1.5
Learning rate: 0.001
Training epochs: 1



========== Smoke Test Fold 1 ==========

========== Train epoch 1 ==========
========== Evaluate Train set ==========
Train loss:  0.5929404646158218
Train binary acc:  0.21406727828746178
Train AUC:  0.5342412451361869
Train AUPRC:  0.6075952806497726
========== Evaluate Valid set ==========
Valid loss:  90.4201717376709
Valid binary acc:  0.2710843373493976
Valid precision:  0.2710843373493976
Valid recall:  1.0
Valid f1:  0.4265402843601896
Valid AUC:  0.4529843893480257
Valid AUPRC:  0.5687296558894226
Valid mcc:  0.0


Training a full model using all training data...


========== Train epoch 1 ==========
========== Evaluate Train set ==========
Train loss:  8.078198701143265
Train binary acc:  0.21406727828746178
Train AUC:  0.3949416342412451
Train AUPRC:  0.16425372512851016
